start jeremias ch 2–52 2026-09-19T23:07:30.055786+00:00
=== chapter 2 ===
1: hold audit-draft
2: hold audit-draft
3: hold audit-draft
4: hold audit-draft
5: hold audit-draft
6: hold audit-draft
7: hold lint
8: hold audit-draft
9: hold lint
10: hold audit-draft
11: hold audit-draft
12: hold audit-draft
13: hold audit-draft
14: hold audit-draft
15: hold audit-draft
16: hold audit-draft
17: hold audit-draft
18: hold audit-draft
19: passed audit-draft
20: hold audit-draft
21: hold audit-draft
22: hold audit-draft
23: hold audit-draft
24: hold audit-draft
25: hold audit-draft
26: hold audit-draft
27: hold audit-draft
28: hold audit-draft
29: hold audit-draft
30: hold audit-draft
31: hold audit-draft
32: hold audit-draft
33: hold audit-draft
34: hold audit-draft
35: hold audit-draft
36: hold audit-draft
37: hold audit-draft
{"passed": [19], "holds": [1, 2, 3, 4, 5, 6, 7, 8, 9, 10, 11, 12, 13, 14, 15, 16, 17, 18, 20, 21, 22, 23, 24, 25, 26, 27, 28, 29, 30, 31, 32, 33, 34, 35, 36, 37], "errors": [], "usd": 0.3596, "usdPerVerse": 0.0103, "bibleAtThisRate": 320.0, "calls": 35}
{"chapter": 2, "exit": 0, "at": "2026-09-19T23:12:38.288811+00:00", "passedCount": 1, "holds": [1, 2, 3, 4, 5, 6, 7, 8, 9, 10, 11, 12, 13, 14, 15, 16, 17, 18, 20, 21, 22, 23, 24, 25, 26, 27, 28, 29, 30, 31, 32, 33, 34, 35, 36, 37], "errors": [], "usage": {"calls": 35, "verses": 35, "input": 77919, "cachedInput": 10944, "output": 5606, "reasoning": 31091, "usd": 0.3596, "byProvider": {"xai": {"calls": 35, "input": 77919, "output": 5606, "reasoning": 31091, "usd": 0.3596}}, "byStage": {"audit-draft": {"calls": 35, "input": 77919, "output": 5606, "reasoning": 31091, "usd": 0.3596}}, "usdPerVerse": 0.0103, "bibleAtThisRate": 320.0, "book": "jeremias", "chapter": 2}}
chapters=2/52 passed=4 holds=52 errors=0
=== chapter 3 ===
1: hold audit-draft
2: hold audit-draft
3: hold audit-draft
4: hold audit-draft
5: hold audit-draft
6: hold audit-draft
7: hold audit-draft
8: hold audit-draft
9: hold audit-draft
10: hold audit-draft
11: hold audit-draft
12: hold audit-draft
13: hold audit-draft
14: hold audit-draft
15: hold audit-draft
16: hold audit-draft
17: hold audit-draft
18: hold audit-draft
19: hold audit-draft
20: hold lint
21: hold audit-draft
22: hold lint
23: hold audit-draft
24: passed audit-draft
25: hold audit-draft
{"passed": [24], "holds": [1, 2, 3, 4, 5, 6, 7, 8, 9, 10, 11, 12, 13, 14, 15, 16, 17, 18, 19, 20, 21, 22, 23, 25], "errors": [], "usd": 0.2554, "usdPerVerse": 0.0111, "bibleAtThisRate": 345.0, "calls": 23}
{"chapter": 3, "exit": 0, "at": "2026-09-19T23:16:29.495656+00:00", "passedCount": 1, "holds": [1, 2, 3, 4, 5, 6, 7, 8, 9, 10, 11, 12, 13, 14, 15, 16, 17, 18, 19, 20, 21, 22, 23, 25], "errors": [], "usage": {"calls": 23, "verses": 23, "input": 56801, "cachedInput": 7936, "output": 4645, "reasoning": 20969, "usd": 0.2554, "byProvider": {"xai": {"calls": 23, "input": 56801, "output": 4645, "reasoning": 20969, "usd": 0.2554}}, "byStage": {"audit-draft": {"calls": 23, "input": 56801, "output": 4645, "reasoning": 20969, "usd": 0.2554}}, "usdPerVerse": 0.0111, "bibleAtThisRate": 345.0, "book": "jeremias", "chapter": 3}}
chapters=3/52 passed=5 holds=76 errors=0
=== chapter 4 ===
1: hold audit-draft
2: hold audit-draft
3: hold lint
4: hold audit-draft
5: hold audit-draft
6: hold audit-draft
7: hold audit-draft
8: hold lint
9: hold audit-draft
10: hold audit-draft
11: hold audit-draft
12: error The read operation timed out
13: hold audit-draft
14: hold audit-draft
15: hold audit-draft
16: hold audit-draft
17: hold audit-draft
18: hold audit-draft
19: hold audit-draft
20: hold audit-draft
21: hold audit-draft
22: passed audit-draft
23: hold audit-draft
24: hold audit-draft
25: passed audit-draft
26: hold audit-draft
27: hold audit-draft
28: hold audit-draft
29: hold audit-draft
30: hold audit-draft
31: hold audit-draft
{"passed": [22, 25], "holds": [1, 2, 3, 4, 5, 6, 7, 8, 9, 10, 11, 13, 14, 15, 16, 17, 18, 19, 20, 21, 23, 24, 26, 27, 28, 29, 30, 31], "errors": [{"verse": 12, "error": "The read operation timed out", "message": "The read operation timed out"}], "usd": 0.2904, "usdPerVerse": 0.0104, "bibleAtThisRate": 323.0, "calls": 28}
{"chapter": 4, "exit": 0, "at": "2026-09-20T01:04:35.041158+00:00", "passedCount": 2, "holds": [1, 2, 3, 4, 5, 6, 7, 8, 9, 10, 11, 13, 14, 15, 16, 17, 18, 19, 20, 21, 23, 24, 26, 27, 28, 29, 30, 31], "errors": [12], "usage": {"calls": 28, "verses": 28, "input": 62081, "cachedInput": 8896, "output": 5368, "reasoning": 24567, "usd": 0.2904, "byProvider": {"xai": {"calls": 28, "input": 62081, "output": 5368, "reasoning": 24567, "usd": 0.2904}}, "byStage": {"audit-draft": {"calls": 28, "input": 62081, "output": 5368, "reasoning": 24567, "usd": 0.2904}}, "usdPerVerse": 0.0104, "bibleAtThisRate": 323.0, "book": "jeremias", "chapter": 4}}
chapters=4/52 passed=7 holds=104 errors=1
=== chapter 5 ===
1: hold audit-draft
2: passed audit-draft
3: hold audit-draft
4: hold audit-draft
5: hold audit-draft
6: hold audit-draft
7: hold audit-draft
8: hold audit-draft
9: hold audit-draft
10: hold audit-draft
11: hold audit-draft
12: hold audit-draft
13: passed audit-draft
14: hold lint
15: hold lint
16: hold audit-draft
17: hold audit-draft
18: hold lint
19: hold lint
20: hold audit-draft
21: passed audit-draft
22: hold audit-draft
23: hold audit-draft
24: hold audit-draft
25: hold audit-draft
26: hold audit-draft
27: hold audit-draft
28: hold audit-draft
29: hold audit-draft
30: hold audit-draft
31: hold audit-draft
{"passed": [2, 13, 21], "holds": [1, 3, 4, 5, 6, 7, 8, 9, 10, 11, 12, 14, 15, 16, 17, 18, 19, 20, 22, 23, 24, 25, 26, 27, 28, 29, 30, 31], "errors": [], "usd": 0.2674, "usdPerVerse": 0.0099, "bibleAtThisRate": 308.0, "calls": 27}
{"chapter": 5, "exit": 0, "at": "2026-09-20T01:09:03.456444+00:00", "passedCount": 3, "holds": [1, 3, 4, 5, 6, 7, 8, 9, 10, 11, 12, 14, 15, 16, 17, 18, 19, 20, 22, 23, 24, 25, 26, 27, 28, 29, 30, 31], "errors": [], "usage": {"calls": 27, "verses": 27, "input": 58370, "cachedInput": 11520, "output": 4707, "reasoning": 23275, "usd": 0.2674, "byProvider": {"xai": {"calls": 27, "input": 58370, "output": 4707, "reasoning": 23275, "usd": 0.2674}}, "byStage": {"audit-draft": {"calls": 27, "input": 58370, "output": 4707, "reasoning": 23275, "usd": 0.2674}}, "usdPerVerse": 0.0099, "bibleAtThisRate": 308.0, "book": "jeremias", "chapter": 5}}
chapters=5/52 passed=10 holds=132 errors=1
=== chapter 6 ===
1: hold audit-draft
2: hold audit-draft
3: hold audit-draft
4: hold audit-draft
5: hold audit-draft
6: hold audit-draft
7: hold audit-draft
8: hold audit-draft
9: hold audit-draft
10: hold audit-draft
11: hold audit-draft
12: hold audit-draft
13: passed audit-draft
14: hold audit-draft
15: hold audit-draft
16: hold audit-draft
17: hold lint
18: hold lint
19: passed audit-draft
20: hold audit-draft
21: hold audit-draft
22: hold audit-draft
23: hold audit-draft
24: hold audit-draft
25: hold audit-draft
26: hold audit-draft
27: hold audit-draft
28: hold audit-draft
29: hold audit-draft
30: hold audit-draft
{"passed": [13, 19], "holds": [1, 2, 3, 4, 5, 6, 7, 8, 9, 10, 11, 12, 14, 15, 16, 17, 18, 20, 21, 22, 23, 24, 25, 26, 27, 28, 29, 30], "errors": [], "usd": 0.2859, "usdPerVerse": 0.0102, "bibleAtThisRate": 318.0, "calls": 28}
{"chapter": 6, "exit": 0, "at": "2026-09-20T01:13:33.043722+00:00", "passedCount": 2, "holds": [1, 2, 3, 4, 5, 6, 7, 8, 9, 10, 11, 12, 14, 15, 16, 17, 18, 20, 21, 22, 23, 24, 25, 26, 27, 28, 29, 30], "errors": [], "usage": {"calls": 28, "verses": 28, "input": 62641, "cachedInput": 11008, "output": 5167, "reasoning": 24350, "usd": 0.2859, "byProvider": {"xai": {"calls": 28, "input": 62641, "output": 5167, "reasoning": 24350, "usd": 0.2859}}, "byStage": {"audit-draft": {"calls": 28, "input": 62641, "output": 5167, "reasoning": 24350, "usd": 0.2859}}, "usdPerVerse": 0.0102, "bibleAtThisRate": 318.0, "book": "jeremias", "chapter": 6}}
chapters=6/52 passed=12 holds=160 errors=1
=== chapter 7 ===
1: hold audit-draft
2: hold audit-draft
3: hold audit-draft
4: hold lint
5: hold lint
6: hold audit-draft
7: hold audit-draft
8: hold audit-draft
9: hold audit-draft
10: hold audit-draft
11: hold lint
12: hold audit-draft
13: hold lint
14: hold lint
15: hold audit-draft
16: hold audit-draft
17: hold audit-draft
18: passed audit-draft
19: passed audit-draft
20: hold audit-draft
21: hold audit-draft
22: hold audit-draft
23: hold lint
24: hold audit-draft
25: hold audit-draft
26: hold audit-draft
27: passed audit-draft
28: hold audit-draft
29: hold audit-draft
30: hold audit-draft
31: hold audit-draft
32: hold audit-draft
33: hold audit-draft
34: hold audit-draft
{"passed": [18, 19, 27], "holds": [1, 2, 3, 4, 5, 6, 7, 8, 9, 10, 11, 12, 13, 14, 15, 16, 17, 20, 21, 22, 23, 24, 25, 26, 28, 29, 30, 31, 32, 33, 34], "errors": [], "usd": 0.2782, "usdPerVerse": 0.0099, "bibleAtThisRate": 309.0, "calls": 28}
{"chapter": 7, "exit": 0, "at": "2026-09-20T01:17:44.375213+00:00", "passedCount": 3, "holds": [1, 2, 3, 4, 5, 6, 7, 8, 9, 10, 11, 12, 13, 14, 15, 16, 17, 20, 21, 22, 23, 24, 25, 26, 28, 29, 30, 31, 32, 33, 34], "errors": [], "usage": {"calls": 28, "verses": 28, "input": 66104, "cachedInput": 14528, "output": 3835, "reasoning": 24131, "usd": 0.2782, "byProvider": {"xai": {"calls": 28, "input": 66104, "output": 3835, "reasoning": 24131, "usd": 0.2782}}, "byStage": {"audit-draft": {"calls": 28, "input": 66104, "output": 3835, "reasoning": 24131, "usd": 0.2782}}, "usdPerVerse": 0.0099, "bibleAtThisRate": 309.0, "book": "jeremias", "chapter": 7}}
chapters=7/52 passed=15 holds=191 errors=1
=== chapter 8 ===
1: hold audit-draft
2: hold audit-draft
3: hold audit-draft
4: hold audit-draft
5: hold audit-draft
6: hold audit-draft
7: hold audit-draft
8: hold audit-draft
9: hold audit-draft
10: passed audit-draft
11: hold audit-draft
12: hold audit-draft
13: hold audit-draft
14: hold audit-draft
15: hold audit-draft
16: hold audit-draft
17: hold lint
18: hold audit-draft
19: hold audit-draft
20: passed audit-draft
21: hold audit-draft
22: passed audit-draft
{"passed": [10, 20, 22], "holds": [1, 2, 3, 4, 5, 6, 7, 8, 9, 11, 12, 13, 14, 15, 16, 17, 18, 19, 21], "errors": [], "usd": 0.2038, "usdPerVerse": 0.0097, "bibleAtThisRate": 302.0, "calls": 21}
{"chapter": 8, "exit": 0, "at": "2026-09-20T01:21:03.527996+00:00", "passedCount": 3, "holds": [1, 2, 3, 4, 5, 6, 7, 8, 9, 11, 12, 13, 14, 15, 16, 17, 18, 19, 21], "errors": [], "usage": {"calls": 21, "verses": 21, "input": 49313, "cachedInput": 16000, "output": 3848, "reasoning": 17689, "usd": 0.2038, "byProvider": {"xai": {"calls": 21, "input": 49313, "output": 3848, "reasoning": 17689, "usd": 0.2038}}, "byStage": {"audit-draft": {"calls": 21, "input": 49313, "output": 3848, "reasoning": 17689, "usd": 0.2038}}, "usdPerVerse": 0.0097, "bibleAtThisRate": 302.0, "book": "jeremias", "chapter": 8}}
chapters=8/52 passed=18 holds=210 errors=1
=== chapter 9 ===
1: passed audit-draft
2: passed audit-draft
3: hold audit-draft
4: hold audit-draft
5: hold audit-draft
6: hold audit-draft
7: hold audit-draft
8: hold audit-draft
9: hold audit-draft
10: passed audit-draft
11: hold audit-draft
12: hold audit-draft
13: passed audit-draft
14: hold audit-draft
15: hold audit-draft
16: passed audit-draft
17: hold audit-draft
18: hold audit-draft
19: passed audit-draft
20: hold lint
21: hold audit-draft
22: hold audit-draft
23: passed audit-draft
24: passed audit-draft
25: hold audit-draft
26: hold audit-draft
{"passed": [1, 2, 10, 13, 16, 19, 23, 24], "holds": [3, 4, 5, 6, 7, 8, 9, 11, 12, 14, 15, 17, 18, 20, 21, 22, 25, 26], "errors": [], "usd": 0.2396, "usdPerVerse": 0.0096, "bibleAtThisRate": 298.0, "calls": 25}
{"chapter": 9, "exit": 0, "at": "2026-09-20T01:24:57.386962+00:00", "passedCount": 8, "holds": [3, 4, 5, 6, 7, 8, 9, 11, 12, 14, 15, 17, 18, 20, 21, 22, 25, 26], "errors": [], "usage": {"calls": 25, "verses": 25, "input": 58095, "cachedInput": 18880, "output": 3352, "reasoning": 21930, "usd": 0.2396, "byProvider": {"xai": {"calls": 25, "input": 58095, "output": 3352, "reasoning": 21930, "usd": 0.2396}}, "byStage": {"audit-draft": {"calls": 25, "input": 58095, "output": 3352, "reasoning": 21930, "usd": 0.2396}}, "usdPerVerse": 0.0096, "bibleAtThisRate": 298.0, "book": "jeremias", "chapter": 9}}
chapters=9/52 passed=27 holds=228 errors=0
=== chapter 10 ===
1: passed audit-draft
2: hold audit-draft
3: hold audit-draft
4: hold audit-draft
5: hold audit-draft
6: passed audit-draft
7: hold audit-draft
8: hold audit-draft
9: hold audit-draft
10: hold audit-draft
11: hold audit-draft
12: passed audit-draft
13: hold audit-draft
14: hold audit-draft
15: passed audit-draft
16: hold audit-draft
17: hold audit-draft
18: hold audit-draft
19: hold audit-draft
20: hold audit-draft
21: hold audit-draft
22: hold audit-draft
23: hold audit-draft
24: hold audit-draft
25: hold audit-draft
{"passed": [1, 6, 12, 15], "holds": [2, 3, 4, 5, 7, 8, 9, 10, 11, 13, 14, 16, 17, 18, 19, 20, 21, 22, 23, 24, 25], "errors": [], "usd": 0.2397, "usdPerVerse": 0.0096, "bibleAtThisRate": 298.0, "calls": 25}
{"chapter": 10, "exit": 0, "at": "2026-09-20T01:29:25.477094+00:00", "passedCount": 4, "holds": [2, 3, 4, 5, 7, 8, 9, 10, 11, 13, 14, 16, 17, 18, 19, 20, 21, 22, 23, 24, 25], "errors": [], "usage": {"calls": 25, "verses": 25, "input": 53314, "cachedInput": 16768, "output": 3927, "reasoning": 22449, "usd": 0.2397, "byProvider": {"xai": {"calls": 25, "input": 53314, "output": 3927, "reasoning": 22449, "usd": 0.2397}}, "byStage": {"audit-draft": {"calls": 25, "input": 53314, "output": 3927, "reasoning": 22449, "usd": 0.2397}}, "usdPerVerse": 0.0096, "bibleAtThisRate": 298.0, "book": "jeremias", "chapter": 10}}
chapters=10/52 passed=32 holds=237 errors=0
=== chapter 11 ===
1: hold audit-draft
2: hold audit-draft
3: hold audit-draft
4: hold audit-draft
5: hold audit-draft
6: hold audit-draft
7: hold audit-draft
8: passed audit-draft
9: hold audit-draft
10: passed audit-draft
11: passed audit-draft
12: hold audit-draft
13: hold audit-draft
14: passed audit-draft
15: hold audit-draft
16: hold audit-draft
17: passed audit-draft
18: hold audit-draft
19: hold audit-draft
20: hold audit-draft
21: passed audit-draft
22: hold audit-draft
23: hold audit-draft
{"passed": [8, 10, 11, 14, 17, 21], "holds": [1, 2, 3, 4, 5, 6, 7, 9, 12, 13, 15, 16, 18, 19, 20, 22, 23], "errors": [], "usd": 0.2359, "usdPerVerse": 0.0103, "bibleAtThisRate": 319.0, "calls": 23}
{"chapter": 11, "exit": 0, "at": "2026-09-20T01:33:52.404267+00:00", "passedCount": 6, "holds": [1, 2, 3, 4, 5, 6, 7, 9, 12, 13, 15, 16, 18, 19, 20, 22, 23], "errors": [], "usage": {"calls": 23, "verses": 23, "input": 57382, "cachedInput": 17088, "output": 2832, "reasoning": 21623, "usd": 0.2359, "byProvider": {"xai": {"calls": 23, "input": 57382, "output": 2832, "reasoning": 21623, "usd": 0.2359}}, "byStage": {"audit-draft": {"calls": 23, "input": 57382, "output": 2832, "reasoning": 21623, "usd": 0.2359}}, "usdPerVerse": 0.0103, "bibleAtThisRate": 319.0, "book": "jeremias", "chapter": 11}}
chapters=11/52 passed=38 holds=265 errors=0
=== chapter 12 ===
1: hold audit-draft
2: hold audit-draft
3: hold audit-draft
4: hold audit-draft
5: hold audit-draft
6: hold audit-draft
7: hold audit-draft
8: hold audit-draft
9: hold audit-draft
10: passed audit-draft
11: hold audit-draft
12: hold audit-draft
13: hold audit-draft
14: hold audit-draft
15: passed audit-draft
16: hold audit-draft
17: hold audit-draft
{"passed": [10, 15], "holds": [1, 2, 3, 4, 5, 6, 7, 8, 9, 11, 12, 13, 14, 16, 17], "errors": [], "usd": 0.1733, "usdPerVerse": 0.0102, "bibleAtThisRate": 317.0, "calls": 17}
{"chapter": 12, "exit": 0, "at": "2026-09-20T01:37:00.822983+00:00", "passedCount": 2, "holds": [1, 2, 3, 4, 5, 6, 7, 8, 9, 11, 12, 13, 14, 16, 17], "errors": [], "usage": {"calls": 17, "verses": 17, "input": 40294, "cachedInput": 13120, "output": 3240, "reasoning": 15500, "usd": 0.1733, "byProvider": {"xai": {"calls": 17, "input": 40294, "output": 3240, "reasoning": 15500, "usd": 0.1733}}, "byStage": {"audit-draft": {"calls": 17, "input": 40294, "output": 3240, "reasoning": 15500, "usd": 0.1733}}, "usdPerVerse": 0.0102, "bibleAtThisRate": 317.0, "book": "jeremias", "chapter": 12}}
chapters=17/52 passed=49 holds=313 errors=0
=== chapter 13 ===
1: skipped hold
2: skipped passed
3: skipped passed
4: skipped hold
5: skipped passed
6: skipped hold
7: hold audit-draft
8: passed audit-draft
9: hold audit-draft
