start jeremias ch 18–24 2026-09-20T01:35:43.611846+00:00
=== chapter 18 ===
1: passed audit-draft
2: passed audit-draft
3: hold audit-draft
4: passed audit-draft
5: passed audit-draft
6: hold audit-draft
7: hold audit-draft
8: hold audit-draft
9: hold audit-draft
10: hold audit-draft
11: hold audit-draft
12: hold audit-draft
13: hold audit-draft
14: hold audit-draft
15: hold audit-draft
16: passed audit-draft
17: hold audit-draft
18: hold audit-draft
19: hold audit-draft
20: hold audit-draft
21: hold audit-draft
22: hold audit-draft
23: hold audit-draft
{"passed": [1, 2, 4, 5, 16], "holds": [3, 6, 7, 8, 9, 10, 11, 12, 13, 14, 15, 17, 18, 19, 20, 21, 22, 23], "errors": [], "usd": 0.2106, "usdPerVerse": 0.0092, "bibleAtThisRate": 285.0, "calls": 23}
{"chapter": 18, "exit": 0, "at": "2026-09-20T01:39:52.697856+00:00", "passedCount": 5, "holds": [3, 6, 7, 8, 9, 10, 11, 12, 13, 14, 15, 17, 18, 19, 20, 21, 22, 23], "errors": [], "usage": {"calls": 23, "verses": 23, "input": 51341, "cachedInput": 19904, "output": 3105, "reasoning": 19865, "usd": 0.2106, "byProvider": {"xai": {"calls": 23, "input": 51341, "output": 3105, "reasoning": 19865, "usd": 0.2106}}, "byStage": {"audit-draft": {"calls": 23, "input": 51341, "output": 3105, "reasoning": 19865, "usd": 0.2106}}, "usdPerVerse": 0.0092, "bibleAtThisRate": 285.0, "book": "jeremias", "chapter": 18}}
chapters=18/52 passed=60 holds=370 errors=0
=== chapter 19 ===
1: hold audit-draft
2: hold audit-draft
3: hold audit-draft
4: passed audit-draft
5: passed audit-draft
6: hold audit-draft
7: hold audit-draft
8: hold audit-draft
9: hold audit-draft
10: passed audit-draft
11: hold audit-draft
12: hold audit-draft
13: hold audit-draft
14: hold audit-draft
15: hold audit-draft
{"passed": [4, 5, 10], "holds": [1, 2, 3, 6, 7, 8, 9, 11, 12, 13, 14, 15], "errors": [], "usd": 0.1542, "usdPerVerse": 0.0103, "bibleAtThisRate": 320.0, "calls": 15}
{"chapter": 19, "exit": 0, "at": "2026-09-20T01:42:59.969529+00:00", "passedCount": 3, "holds": [1, 2, 3, 6, 7, 8, 9, 11, 12, 13, 14, 15], "errors": [], "usage": {"calls": 15, "verses": 15, "input": 39931, "cachedInput": 12032, "output": 1997, "reasoning": 13403, "usd": 0.1542, "byProvider": {"xai": {"calls": 15, "input": 39931, "output": 1997, "reasoning": 13403, "usd": 0.1542}}, "byStage": {"audit-draft": {"calls": 15, "input": 39931, "output": 1997, "reasoning": 13403, "usd": 0.1542}}, "usdPerVerse": 0.0103, "bibleAtThisRate": 320.0, "book": "jeremias", "chapter": 19}}
chapters=22/52 passed=70 holds=418 errors=0
=== chapter 20 ===
1: hold audit-draft
2: hold audit-draft
3: hold audit-draft
4: hold audit-draft
5: hold audit-draft
6: hold audit-draft
7: hold audit-draft
8: hold audit-draft
9: hold audit-draft
10: hold audit-draft
11: hold audit-draft
12: hold audit-draft
13: hold audit-draft
14: hold audit-draft
15: hold audit-draft
16: hold audit-draft
17: hold audit-draft
18: passed audit-draft
{"passed": [18], "holds": [1, 2, 3, 4, 5, 6, 7, 8, 9, 10, 11, 12, 13, 14, 15, 16, 17], "errors": [], "usd": 0.1853, "usdPerVerse": 0.0103, "bibleAtThisRate": 320.0, "calls": 18}
{"chapter": 20, "exit": 0, "at": "2026-09-20T01:45:55.071832+00:00", "passedCount": 1, "holds": [1, 2, 3, 4, 5, 6, 7, 8, 9, 10, 11, 12, 13, 14, 15, 16, 17], "errors": [], "usage": {"calls": 18, "verses": 18, "input": 44197, "cachedInput": 15424, "output": 3735, "reasoning": 16280, "usd": 0.1853, "byProvider": {"xai": {"calls": 18, "input": 44197, "output": 3735, "reasoning": 16280, "usd": 0.1853}}, "byStage": {"audit-draft": {"calls": 18, "input": 44197, "output": 3735, "reasoning": 16280, "usd": 0.1853}}, "usdPerVerse": 0.0103, "bibleAtThisRate": 320.0, "book": "jeremias", "chapter": 20}}
chapters=26/52 passed=80 holds=481 errors=0
=== chapter 21 ===
1: hold audit-draft
2: hold audit-draft
3: hold audit-draft
4: hold audit-draft
5: hold audit-draft
6: hold audit-draft
7: passed audit-draft
8: passed audit-draft
9: hold audit-draft
10: hold audit-draft
11: hold audit-draft
12: hold audit-draft
13: hold audit-draft
14: passed audit-draft
{"passed": [7, 8, 14], "holds": [1, 2, 3, 4, 5, 6, 9, 10, 11, 12, 13], "errors": [], "usd": 0.1383, "usdPerVerse": 0.0099, "bibleAtThisRate": 307.0, "calls": 14}
{"chapter": 21, "exit": 0, "at": "2026-09-20T01:48:14.663353+00:00", "passedCount": 3, "holds": [1, 2, 3, 4, 5, 6, 9, 10, 11, 12, 13], "errors": [], "usage": {"calls": 14, "verses": 14, "input": 35877, "cachedInput": 12544, "output": 1741, "reasoning": 12478, "usd": 0.1383, "byProvider": {"xai": {"calls": 14, "input": 35877, "output": 1741, "reasoning": 12478, "usd": 0.1383}}, "byStage": {"audit-draft": {"calls": 14, "input": 35877, "output": 1741, "reasoning": 12478, "usd": 0.1383}}, "usdPerVerse": 0.0099, "bibleAtThisRate": 307.0, "book": "jeremias", "chapter": 21}}
chapters=30/52 passed=91 holds=527 errors=0
=== chapter 22 ===
1: hold audit-draft
2: hold audit-draft
3: hold audit-draft
4: hold audit-draft
5: hold audit-draft
6: hold audit-draft
7: passed audit-draft
8: passed audit-draft
9: hold audit-draft
10: hold audit-draft
11: hold audit-draft
12: passed audit-draft
13: hold audit-draft
14: error {"code":"internal","error":"Internal error during token parsing"}
15: hold audit-draft
16: hold audit-draft
17: hold audit-draft
18: hold audit-draft
19: hold audit-draft
20: hold audit-draft
21: hold audit-draft
22: hold audit-draft
23: hold audit-draft
24: hold audit-draft
25: passed audit-draft
26: hold lint
27: passed audit-draft
28: hold audit-draft
29: hold audit-draft
30: hold audit-draft
{"passed": [7, 8, 12, 25, 27], "holds": [1, 2, 3, 4, 5, 6, 9, 10, 11, 13, 15, 16, 17, 18, 19, 20, 21, 22, 23, 24, 26, 28, 29, 30], "errors": [{"verse": 14, "error": "{\"code\":\"internal\",\"error\":\"Internal error during token parsing\"}", "message": "{\"code\":\"internal\",\"error\":\"Internal error during token parsing\"}"}], "usd": 0.2586, "usdPerVerse": 0.0092, "bibleAtThisRate": 287.0, "calls": 28}
{"chapter": 22, "exit": 0, "at": "2026-09-20T01:52:30.971607+00:00", "passedCount": 5, "holds": [1, 2, 3, 4, 5, 6, 9, 10, 11, 13, 15, 16, 17, 18, 19, 20, 21, 22, 23, 24, 26, 28, 29, 30], "errors": [14], "usage": {"calls": 28, "verses": 28, "input": 65766, "cachedInput": 24384, "output": 3810, "reasoning": 23472, "usd": 0.2586, "byProvider": {"xai": {"calls": 28, "input": 65766, "output": 3810, "reasoning": 23472, "usd": 0.2586}}, "byStage": {"audit-draft": {"calls": 28, "input": 65766, "output": 3810, "reasoning": 23472, "usd": 0.2586}}, "usdPerVerse": 0.0092, "bibleAtThisRate": 287.0, "book": "jeremias", "chapter": 22}}
chapters=34/52 passed=116 holds=611 errors=2
=== chapter 23 ===
1: passed audit-draft
2: hold audit-draft
3: passed audit-draft
4: passed audit-draft
5: passed audit-draft
6: hold audit-draft
7: passed audit-draft
8: passed audit-draft
9: hold audit-draft
10: hold audit-draft
11: hold audit-draft
12: hold audit-draft
13: passed audit-draft
14: hold audit-draft
15: hold audit-draft
16: hold audit-draft
17: hold audit-draft
18: hold audit-draft
19: hold audit-draft
20: hold audit-draft
21: hold audit-draft
22: hold audit-draft
23: hold audit-draft
24: hold audit-draft
25: hold audit-draft
26: hold audit-draft
27: hold audit-draft
28: hold audit-draft
29: hold audit-draft
30: hold audit-draft
31: hold audit-draft
32: hold audit-draft
33: hold audit-draft
34: hold audit-draft
35: hold audit-draft
36: hold audit-draft
37: hold audit-draft
38: hold audit-draft
39: hold audit-draft
40: hold audit-draft
{"passed": [1, 3, 4, 5, 7, 8, 13], "holds": [2, 6, 9, 10, 11, 12, 14, 15, 16, 17, 18, 19, 20, 21, 22, 23, 24, 25, 26, 27, 28, 29, 30, 31, 32, 33, 34, 35, 36, 37, 38, 39, 40], "errors": [], "usd": 0.3902, "usdPerVerse": 0.0098, "bibleAtThisRate": 303.0, "calls": 40}
{"chapter": 23, "exit": 0, "at": "2026-09-20T01:58:36.292161+00:00", "passedCount": 7, "holds": [2, 6, 9, 10, 11, 12, 14, 15, 16, 17, 18, 19, 20, 21, 22, 23, 24, 25, 26, 27, 28, 29, 30, 31, 32, 33, 34, 35, 36, 37, 38, 39, 40], "errors": [], "usage": {"calls": 40, "verses": 40, "input": 93834, "cachedInput": 35136, "output": 5843, "reasoning": 36701, "usd": 0.3902, "byProvider": {"xai": {"calls": 40, "input": 93834, "output": 5843, "reasoning": 36701, "usd": 0.3902}}, "byStage": {"audit-draft": {"calls": 40, "input": 93834, "output": 5843, "reasoning": 36701, "usd": 0.3902}}, "usdPerVerse": 0.0098, "bibleAtThisRate": 303.0, "book": "jeremias", "chapter": 23}}
chapters=38/52 passed=145 holds=723 errors=2
=== chapter 24 ===
1: passed audit-draft
2: passed audit-draft
3: hold audit-draft
4: hold audit-draft
5: hold audit-draft
6: passed audit-draft
7: hold audit-draft
8: hold audit-draft
9: hold audit-draft
10: passed audit-draft
{"passed": [1, 2, 6, 10], "holds": [3, 4, 5, 7, 8, 9], "errors": [], "usd": 0.0997, "usdPerVerse": 0.01, "bibleAtThisRate": 310.0, "calls": 10}
{"chapter": 24, "exit": 0, "at": "2026-09-20T02:00:06.117939+00:00", "passedCount": 4, "holds": [3, 4, 5, 7, 8, 9], "errors": [], "usage": {"calls": 10, "verses": 10, "input": 26359, "cachedInput": 8960, "output": 1044, "reasoning": 9021, "usd": 0.0997, "byProvider": {"xai": {"calls": 10, "input": 26359, "output": 1044, "reasoning": 9021, "usd": 0.0997}}, "byStage": {"audit-draft": {"calls": 10, "input": 26359, "output": 1044, "reasoning": 9021, "usd": 0.0997}}, "usdPerVerse": 0.01, "bibleAtThisRate": 310.0, "book": "jeremias", "chapter": 24}}
chapters=41/52 passed=151 holds=745 errors=2
done 2026-09-20T02:00:11.723057+00:00
