start jeremias ch 13–17 2026-09-20T01:35:58.760738+00:00
=== chapter 13 ===
1: hold audit-draft
2: passed audit-draft
3: passed audit-draft
4: hold audit-draft
5: passed audit-draft
6: hold audit-draft
7: hold audit-draft
8: passed audit-draft
9: hold audit-draft
10: hold audit-draft
11: hold audit-draft
12: hold audit-draft
13: hold audit-draft
14: hold audit-draft
15: hold audit-draft
16: hold audit-draft
17: hold audit-draft
18: hold audit-draft
19: hold audit-draft
20: hold audit-draft
21: hold audit-draft
22: hold audit-draft
23: passed audit-draft
24: hold audit-draft
25: hold audit-draft
26: hold audit-draft
27: hold audit-draft
{"passed": [2, 3, 5, 8, 23], "holds": [1, 4, 6, 7, 9, 10, 11, 12, 13, 14, 15, 16, 17, 18, 19, 20, 21, 22, 24, 25, 26, 27], "errors": [], "usd": 0.2699, "usdPerVerse": 0.01, "bibleAtThisRate": 311.0, "calls": 30}
{"chapter": 13, "exit": 0, "at": "2026-09-20T01:40:27.816262+00:00", "passedCount": 5, "holds": [1, 4, 6, 7, 9, 10, 11, 12, 13, 14, 15, 16, 17, 18, 19, 20, 21, 22, 24, 25, 26, 27], "errors": [], "usage": {"calls": 30, "verses": 27, "input": 66630, "cachedInput": 29376, "output": 4259, "reasoning": 25855, "usd": 0.2699, "byProvider": {"xai": {"calls": 30, "input": 66630, "output": 4259, "reasoning": 25855, "usd": 0.2699}}, "byStage": {"audit-draft": {"calls": 30, "input": 66630, "output": 4259, "reasoning": 25855, "usd": 0.2699}}, "usdPerVerse": 0.01, "bibleAtThisRate": 311.0, "book": "jeremias", "chapter": 13}}
chapters=20/52 passed=60 holds=378 errors=0
=== chapter 14 ===
1: hold audit-draft
2: hold audit-draft
3: hold audit-draft
4: hold audit-draft
5: hold audit-draft
6: hold audit-draft
7: hold audit-draft
8: passed audit-draft
9: hold audit-draft
10: hold audit-draft
11: hold audit-draft
12: hold audit-draft
13: hold audit-draft
14: hold audit-draft
15: hold audit-draft
16: hold audit-draft
17: hold audit-draft
18: hold audit-draft
19: hold audit-draft
20: hold audit-draft
21: hold audit-draft
22: hold audit-draft
{"passed": [8], "holds": [1, 2, 3, 4, 5, 6, 7, 9, 10, 11, 12, 13, 14, 15, 16, 17, 18, 19, 20, 21, 22], "errors": [], "usd": 0.2317, "usdPerVerse": 0.0105, "bibleAtThisRate": 328.0, "calls": 22}
{"chapter": 14, "exit": 0, "at": "2026-09-20T01:44:38.045584+00:00", "passedCount": 1, "holds": [1, 2, 3, 4, 5, 6, 7, 9, 10, 11, 12, 13, 14, 15, 16, 17, 18, 19, 20, 21, 22], "errors": [], "usage": {"calls": 22, "verses": 22, "input": 53289, "cachedInput": 17600, "output": 3941, "reasoning": 21310, "usd": 0.2317, "byProvider": {"xai": {"calls": 22, "input": 53289, "output": 3941, "reasoning": 21310, "usd": 0.2317}}, "byStage": {"audit-draft": {"calls": 22, "input": 53289, "output": 3941, "reasoning": 21310, "usd": 0.2317}}, "usdPerVerse": 0.0105, "bibleAtThisRate": 328.0, "book": "jeremias", "chapter": 14}}
chapters=24/52 passed=74 holds=454 errors=0
=== chapter 15 ===
1: hold audit-draft
2: hold audit-draft
3: hold audit-draft
4: hold audit-draft
5: hold audit-draft
6: hold audit-draft
7: hold audit-draft
8: hold audit-draft
9: hold audit-draft
10: hold audit-draft
11: hold audit-draft
12: hold audit-draft
13: hold audit-draft
14: hold audit-draft
15: hold audit-draft
16: hold audit-draft
17: hold audit-draft
18: hold audit-draft
19: hold audit-draft
20: hold audit-draft
21: passed audit-draft
{"passed": [21], "holds": [1, 2, 3, 4, 5, 6, 7, 8, 9, 10, 11, 12, 13, 14, 15, 16, 17, 18, 19, 20], "errors": [], "usd": 0.205, "usdPerVerse": 0.0098, "bibleAtThisRate": 304.0, "calls": 21}
{"chapter": 15, "exit": 0, "at": "2026-09-20T01:47:57.527986+00:00", "passedCount": 1, "holds": [1, 2, 3, 4, 5, 6, 7, 8, 9, 10, 11, 12, 13, 14, 15, 16, 17, 18, 19, 20], "errors": [], "usage": {"calls": 21, "verses": 21, "input": 49174, "cachedInput": 16704, "output": 3513, "reasoning": 18432, "usd": 0.205, "byProvider": {"xai": {"calls": 21, "input": 49174, "output": 3513, "reasoning": 18432, "usd": 0.205}}, "byStage": {"audit-draft": {"calls": 21, "input": 49174, "output": 3513, "reasoning": 18432, "usd": 0.205}}, "usdPerVerse": 0.0098, "bibleAtThisRate": 304.0, "book": "jeremias", "chapter": 15}}
chapters=29/52 passed=90 holds=522 errors=0
=== chapter 16 ===
1: hold audit-draft
2: passed audit-draft
3: hold lint
4: passed audit-draft
5: hold audit-draft
6: hold audit-draft
7: hold audit-draft
8: passed audit-draft
9: hold audit-draft
10: hold audit-draft
11: hold audit-draft
12: passed audit-draft
13: hold audit-draft
14: passed audit-draft
15: passed audit-draft
16: hold audit-draft
17: passed audit-draft
18: hold audit-draft
19: hold audit-draft
20: hold audit-draft
21: hold audit-draft
{"passed": [2, 4, 8, 12, 14, 15, 17], "holds": [1, 3, 5, 6, 7, 9, 10, 11, 13, 16, 18, 19, 20, 21], "errors": [], "usd": 0.2025, "usdPerVerse": 0.0101, "bibleAtThisRate": 315.0, "calls": 20}
{"chapter": 16, "exit": 0, "at": "2026-09-20T01:51:21.984789+00:00", "passedCount": 7, "holds": [1, 3, 5, 6, 7, 9, 10, 11, 13, 16, 18, 19, 20, 21], "errors": [], "usage": {"calls": 20, "verses": 20, "input": 50552, "cachedInput": 17920, "output": 2663, "reasoning": 18709, "usd": 0.2025, "byProvider": {"xai": {"calls": 20, "input": 50552, "output": 2663, "reasoning": 18709, "usd": 0.2025}}, "byStage": {"audit-draft": {"calls": 20, "input": 50552, "output": 2663, "reasoning": 18709, "usd": 0.2025}}, "usdPerVerse": 0.0101, "bibleAtThisRate": 315.0, "book": "jeremias", "chapter": 16}}
chapters=31/52 passed=108 holds=590 errors=2
=== chapter 17 ===
1: hold audit-draft
2: hold audit-draft
3: hold audit-draft
4: hold audit-draft
5: hold audit-draft
6: hold audit-draft
7: passed audit-draft
8: hold audit-draft
9: hold audit-draft
10: hold audit-draft
11: hold audit-draft
12: hold audit-draft
13: passed audit-draft
14: hold audit-draft
15: hold audit-draft
16: hold audit-draft
17: hold audit-draft
18: hold audit-draft
19: hold audit-draft
20: passed audit-draft
21: hold audit-draft
22: passed audit-draft
23: hold audit-draft
24: hold audit-draft
25: hold audit-draft
26: passed audit-draft
27: hold audit-draft
{"passed": [7, 13, 20, 22, 26], "holds": [1, 2, 3, 4, 5, 6, 8, 9, 10, 11, 12, 14, 15, 16, 17, 18, 19, 21, 23, 24, 25, 27], "errors": [], "usd": 0.2609, "usdPerVerse": 0.0097, "bibleAtThisRate": 300.0, "calls": 27}
{"chapter": 17, "exit": 0, "at": "2026-09-20T01:55:31.373517+00:00", "passedCount": 5, "holds": [1, 2, 3, 4, 5, 6, 8, 9, 10, 11, 12, 14, 15, 16, 17, 18, 19, 21, 23, 24, 25, 27], "errors": [], "usage": {"calls": 27, "verses": 27, "input": 62634, "cachedInput": 23488, "output": 3842, "reasoning": 24643, "usd": 0.2609, "byProvider": {"xai": {"calls": 27, "input": 62634, "output": 3842, "reasoning": 24643, "usd": 0.2609}}, "byStage": {"audit-draft": {"calls": 27, "input": 62634, "output": 3842, "reasoning": 24643, "usd": 0.2609}}, "usdPerVerse": 0.0097, "bibleAtThisRate": 300.0, "book": "jeremias", "chapter": 17}}
chapters=37/52 passed=139 holds=668 errors=2
done 2026-09-20T01:55:36.775080+00:00
